// Jest Snapshot v1, https://goo.gl/fbAQLP

exports[`<Hospitals /> Snapshot test 1`] = `
<ul
  className="jsx-1699741513 collection z-depth-2 with-header"
>
  <li
    className="jsx-1699741513 collection-header"
  >
    <h5
      className="jsx-1699741513 center-align"
    >
      <i
        className="jsx-1699741513 material-icons pink-text"
      >
        healing
      </i>
        Hospitals — Severity level 
      4
      <i
        className="jsx-1699741513 material-icons pink-text"
      >
        healing
      </i>
    </h5>
  </li>
  <div
    className="center-align section"
  >
    <div
      className="preloader-wrapper big active"
    >
      <div
        className="spinner-layer spinner-blue"
      >
        <div
          className="circle-clipper left"
        >
          <div
            className="circle"
          />
        </div>
        <div
          className="gap-patch"
        >
          <div
            className="circle"
          />
        </div>
        <div
          className="circle-clipper right"
        >
          <div
            className="circle"
          />
        </div>
      </div>
      <div
        className="spinner-layer spinner-red"
      >
        <div
          className="circle-clipper left"
        >
          <div
            className="circle"
          />
        </div>
        <div
          className="gap-patch"
        >
          <div
            className="circle"
          />
        </div>
        <div
          className="circle-clipper right"
        >
          <div
            className="circle"
          />
        </div>
      </div>
      <div
        className="spinner-layer spinner-yellow"
      >
        <div
          className="circle-clipper left"
        >
          <div
            className="circle"
          />
        </div>
        <div
          className="gap-patch"
        >
          <div
            className="circle"
          />
        </div>
        <div
          className="circle-clipper right"
        >
          <div
            className="circle"
          />
        </div>
      </div>
      <div
        className="spinner-layer spinner-green"
      >
        <div
          className="circle-clipper left"
        >
          <div
            className="circle"
          />
        </div>
        <div
          className="gap-patch"
        >
          <div
            className="circle"
          />
        </div>
        <div
          className="circle-clipper right"
        >
          <div
            className="circle"
          />
        </div>
      </div>
    </div>
  </div>
</ul>
`;
