// Jest Snapshot v1, https://goo.gl/fbAQLP

exports[`<Illnesses /> Snapshot test 1`] = `
<div
  className="col s6 offset-s3"
>
  <ul
    className="collection z-depth-2 with-header"
  >
    <li
      className="collection-header"
    >
      <h5>
        Whatâ€˜s your illness?
      </h5>
    </li>
    <div
      className="center-align section"
    >
      <div
        className="preloader-wrapper big active"
      >
        <div
          className="spinner-layer spinner-blue"
        >
          <div
            className="circle-clipper left"
          >
            <div
              className="circle"
            />
          </div>
          <div
            className="gap-patch"
          >
            <div
              className="circle"
            />
          </div>
          <div
            className="circle-clipper right"
          >
            <div
              className="circle"
            />
          </div>
        </div>
        <div
          className="spinner-layer spinner-red"
        >
          <div
            className="circle-clipper left"
          >
            <div
              className="circle"
            />
          </div>
          <div
            className="gap-patch"
          >
            <div
              className="circle"
            />
          </div>
          <div
            className="circle-clipper right"
          >
            <div
              className="circle"
            />
          </div>
        </div>
        <div
          className="spinner-layer spinner-yellow"
        >
          <div
            className="circle-clipper left"
          >
            <div
              className="circle"
            />
          </div>
          <div
            className="gap-patch"
          >
            <div
              className="circle"
            />
          </div>
          <div
            className="circle-clipper right"
          >
            <div
              className="circle"
            />
          </div>
        </div>
        <div
          className="spinner-layer spinner-green"
        >
          <div
            className="circle-clipper left"
          >
            <div
              className="circle"
            />
          </div>
          <div
            className="gap-patch"
          >
            <div
              className="circle"
            />
          </div>
          <div
            className="circle-clipper right"
          >
            <div
              className="circle"
            />
          </div>
        </div>
      </div>
    </div>
  </ul>
  <div
    className="jsx-4257545236 modal"
    id="severity"
  >
    <div
      className="jsx-4257545236 modal-content"
    >
      <h5
        className="jsx-4257545236 center-align"
      >
        How severe is your 
        <i
          className="jsx-4257545236 red-text"
        >
          flu
        </i>
        ?
      </h5>
      <div
        className="jsx-4257545236 row"
      >
        <div
          className="jsx-3703842634 col s2 center-align offset-s1"
        >
          <input
            className="jsx-3703842634"
            id="severity-1"
            name="severity"
            type="radio"
            value={1}
          />
          <label
            className="jsx-3703842634 blue-text text-darken-4"
            htmlFor="severity-1"
          >
            ðŸ¤¤
            <br
              className="jsx-3703842634"
            />
            1
          </label>
        </div>
        <div
          className="jsx-3703842634 col s2 center-align "
        >
          <input
            className="jsx-3703842634"
            id="severity-2"
            name="severity"
            type="radio"
            value={2}
          />
          <label
            className="jsx-3703842634 blue-text text-darken-4"
            htmlFor="severity-2"
          >
            ðŸ¥´
            <br
              className="jsx-3703842634"
            />
            2
          </label>
        </div>
        <div
          className="jsx-3703842634 col s2 center-align "
        >
          <input
            className="jsx-3703842634"
            id="severity-3"
            name="severity"
            type="radio"
            value={3}
          />
          <label
            className="jsx-3703842634 blue-text text-darken-4"
            htmlFor="severity-3"
          >
            ðŸ¤¢
            <br
              className="jsx-3703842634"
            />
            3
          </label>
        </div>
        <div
          className="jsx-3703842634 col s2 center-align "
        >
          <input
            className="jsx-3703842634"
            id="severity-4"
            name="severity"
            type="radio"
            value={4}
          />
          <label
            className="jsx-3703842634 blue-text text-darken-4"
            htmlFor="severity-4"
          >
            ðŸ¤®
            <br
              className="jsx-3703842634"
            />
            4
          </label>
        </div>
        <div
          className="jsx-3703842634 col s2 center-align "
        >
          <input
            className="jsx-3703842634"
            id="severity-5"
            name="severity"
            type="radio"
            value={5}
          />
          <label
            className="jsx-3703842634 blue-text text-darken-4"
            htmlFor="severity-5"
          >
            ðŸ‘¿
            <br
              className="jsx-3703842634"
            />
            5
          </label>
        </div>
      </div>
    </div>
    <div
      className="jsx-4257545236 modal-footer center-align"
    >
      <a
        className="jsx-4257545236 waves-effect waves-red modal-close btn disabled"
        href="#!"
        onClick={[Function]}
        onMouseEnter={[Function]}
      >
        Which hospitals?
      </a>
    </div>
  </div>
</div>
`;
